../App/Drivers/ports/hal_timer_stm32f4.c:39:27:timer_hw_map	16	static
../App/Drivers/ports/hal_timer_stm32f4.c:54:13:stm32_timer_init	8	static
../App/Drivers/ports/hal_timer_stm32f4.c:59:13:stm32_timer_deinit	16	static
../App/Drivers/ports/hal_timer_stm32f4.c:76:24:stm32_timer_open	56	static
../App/Drivers/ports/hal_timer_stm32f4.c:143:13:stm32_timer_close	24	static
../App/Drivers/ports/hal_timer_stm32f4.c:161:27:stm32_timer_start	24	static
../App/Drivers/ports/hal_timer_stm32f4.c:175:27:stm32_timer_stop	24	static
../App/Drivers/ports/hal_timer_stm32f4.c:188:27:stm32_timer_reset	24	static
../App/Drivers/ports/hal_timer_stm32f4.c:199:13:stm32_timer_is_running	24	static
../App/Drivers/ports/hal_timer_stm32f4.c:213:6:HAL_TIM_PeriodElapsedCallback	24	static
../App/Drivers/ports/hal_timer_stm32f4.c:235:6:TIM2_IRQHandler	8	static
../App/Drivers/ports/hal_timer_stm32f4.c:236:6:TIM5_IRQHandler	8	static
../App/Drivers/ports/hal_timer_stm32f4.c:237:6:TIM3_IRQHandler	8	static
