../App/Drivers/ports/hal_uart_stm32f4.c:65:13:stm32_uart_init	16	static
../App/Drivers/ports/hal_uart_stm32f4.c:71:13:stm32_uart_deinit	16	static
../App/Drivers/ports/hal_uart_stm32f4.c:91:23:stm32_uart_open	24	static
../App/Drivers/ports/hal_uart_stm32f4.c:195:13:stm32_uart_close	24	static
../App/Drivers/ports/hal_uart_stm32f4.c:215:22:stm32_uart_write	32	static
../App/Drivers/ports/hal_uart_stm32f4.c:275:22:stm32_uart_write_blocking	32	static
../App/Drivers/ports/hal_uart_stm32f4.c:307:22:stm32_uart_read	32	static
../App/Drivers/ports/hal_uart_stm32f4.c:341:13:stm32_uart_flush	24	static
../App/Drivers/ports/hal_uart_stm32f4.c:359:13:stm32_uart_set_event_cb	32	static
../App/Drivers/ports/hal_uart_stm32f4.c:375:6:HAL_UART_TxCpltCallback	40	static
../App/Drivers/ports/hal_uart_stm32f4.c:407:6:HAL_UART_RxCpltCallback	48	static
../App/Drivers/ports/hal_uart_stm32f4.c:491:13:stm32_uart_set_rx_timeout_timer	32	static
../App/Drivers/ports/hal_uart_stm32f4.c:508:13:stm32_uart_rx_enable	24	static
../App/Drivers/ports/hal_uart_stm32f4.c:519:13:stm32_uart_rx_disable	24	static
../App/Drivers/ports/hal_uart_stm32f4.c:530:13:stm32_uart_tx_it_enable	24	static
../App/Drivers/ports/hal_uart_stm32f4.c:539:13:stm32_uart_tx_it_disable	24	static
../App/Drivers/ports/hal_uart_stm32f4.c:552:6:USART1_IRQHandler	8	static
../App/Drivers/ports/hal_uart_stm32f4.c:557:6:USART2_IRQHandler	8	static
../App/Drivers/ports/hal_uart_stm32f4.c:562:6:USART3_IRQHandler	8	static
