../App/Modules/modbus/modbus-slave/rtu/mbrtu.c:78:1:eMBRTUInit	32	static
../App/Modules/modbus/modbus-slave/rtu/mbrtu.c:124:1:eMBRTUStart	8	static
../App/Modules/modbus/modbus-slave/rtu/mbrtu.c:140:1:eMBRTUStop	8	static
../App/Modules/modbus/modbus-slave/rtu/mbrtu.c:149:1:eMBRTUReceive	32	static
../App/Modules/modbus/modbus-slave/rtu/mbrtu.c:212:1:eMBRTUSend	24	static
../App/Modules/modbus/modbus-slave/rtu/mbrtu.c:266:1:xMBRTUReceiveFSM	16	static
../App/Modules/modbus/modbus-slave/rtu/mbrtu.c:351:1:xMBRTUTransmitFSM	16	static
../App/Modules/modbus/modbus-slave/rtu/mbrtu.c:394:1:xMBRTUTimerT35Expired	16	static
