../App/Modules/modbus/modbus-master/mbm.c:113:28:get_analog_cache	24	static
../App/Modules/modbus/modbus-master/mbm.c:129:29:get_digital_cache	24	static
../App/Modules/modbus/modbus-master/mbm.c:146:13:cache_update_analog	40	static
../App/Modules/modbus/modbus-master/mbm.c:177:13:cache_update_bits	40	static
../App/Modules/modbus/modbus-master/mbm.c:214:9:mbm_cache_get	24	static
../App/Modules/modbus/modbus-master/mbm.c:233:9:mbm_cache_get_coil	24	static
../App/Modules/modbus/modbus-master/mbm.c:251:9:mbm_cache_get_discrete	24	static
../App/Modules/modbus/modbus-master/mbm.c:269:27:get_slave_state	24	static
../App/Modules/modbus/modbus-master/mbm.c:292:6:mbm_init	16	static
../App/Modules/modbus/modbus-master/mbm.c:317:14:mbm_enable	4	static
../App/Modules/modbus/modbus-master/mbm.c:327:14:mbm_disable	8	static
../App/Modules/modbus/modbus-master/mbm.c:342:14:mbm_deinit	4	static
../App/Modules/modbus/modbus-master/mbm.c:367:6:mbm_poll	48	static
../App/Modules/modbus/modbus-master/mbm.c:462:13:process_response	48	static
../App/Modules/modbus/modbus-master/mbm.c:615:6:mbm_rx_byte	16	static
../App/Modules/modbus/modbus-master/mbm.c:620:6:mbm_frame_timeout	8	static
../App/Modules/modbus/modbus-master/mbm.c:629:14:mbm_add_request	24	static
../App/Modules/modbus/modbus-master/mbm.c:649:14:mbm_schedule	24	static
../App/Modules/modbus/modbus-master/mbm.c:665:13:remove_current_job	8	static
../App/Modules/modbus/modbus-master/mbm.c:678:14:mbm_cancel_job	32	static
../App/Modules/modbus/modbus-master/mbm.c:713:14:mbm_cancel_scheduled	32	static
../App/Modules/modbus/modbus-master/mbm.c:734:6:mbm_set_slave_timeout	24	static
../App/Modules/modbus/modbus-master/mbm.c:741:9:mbm_is_enabled	4	static
../App/Modules/modbus/modbus-master/mbm.c:746:9:mbm_is_busy	4	static
