../App/Modules/modbus/modbus-slave/port/portserial.c:20:13:rs485_init	16	static
../App/Modules/modbus/modbus-slave/port/portserial.c:42:13:rs485_deinit	8	static
../App/Modules/modbus/modbus-slave/port/portserial.c:62:13:rs485_dir_control	16	static
../App/Modules/modbus/modbus-slave/port/portserial.c:97:13:mb_uart_event_cb	24	static
../App/Modules/modbus/modbus-slave/port/portserial.c:139:6:xMBPortSerialInit	64	static
../App/Modules/modbus/modbus-slave/port/portserial.c:231:6:vMBPortSerialClose	8	static
../App/Modules/modbus/modbus-slave/port/portserial.c:245:6:vMBPortClose	8	static
../App/Modules/modbus/modbus-slave/port/portserial.c:255:6:vMBPortSerialEnable	16	static
../App/Modules/modbus/modbus-slave/port/portserial.c:278:6:xMBPortSerialPutByte	32	static
../App/Modules/modbus/modbus-slave/port/portserial.c:297:6:xMBPortSerialGetByte	16	static
