../App/Modules/modbus/modbus-manager/port/port_modbus_manager_stm32f4.c:24:13:rs485_dir_ctrl	16	static
../App/Modules/modbus/modbus-manager/port/port_modbus_manager_stm32f4.c:45:13:uart_event_cb	24	static
../App/Modules/modbus/modbus-manager/port/port_modbus_manager_stm32f4.c:62:13:timer_event_cb	16	static
../App/Modules/modbus/modbus-manager/port/port_modbus_manager_stm32f4.c:75:13:port_init	112	static
../App/Modules/modbus/modbus-manager/port/port_modbus_manager_stm32f4.c:219:13:port_deinit	8	static
../App/Modules/modbus/modbus-manager/port/port_modbus_manager_stm32f4.c:258:13:port_set_uart_rx_callback	16	static
../App/Modules/modbus/modbus-manager/port/port_modbus_manager_stm32f4.c:263:13:port_set_timer_callback	16	static
../App/Modules/modbus/modbus-manager/port/port_modbus_manager_stm32f4.c:270:13:port_timer_restart	8	static
../App/Modules/modbus/modbus-manager/port/port_modbus_manager_stm32f4.c:281:13:port_uart_send	16	static
../App/Modules/modbus/modbus-manager/port/port_modbus_manager_stm32f4.c:291:17:port_crc16	16	static
../App/Modules/modbus/modbus-manager/port/port_modbus_manager_stm32f4.c:298:17:port_get_time_ms	8	static
