../App/Drivers/hal/hal_uart.c:9:6:hal_uart_init	8	static
../App/Drivers/hal/hal_uart.c:15:6:hal_uart_deinit	8	static
../App/Drivers/hal/hal_uart.c:21:16:hal_uart_open	16	static
../App/Drivers/hal/hal_uart.c:27:6:hal_uart_close	16	static
../App/Drivers/hal/hal_uart.c:33:15:hal_uart_write	40	static
../App/Drivers/hal/hal_uart.c:42:15:hal_uart_write_blocking	48	static
../App/Drivers/hal/hal_uart.c:53:15:hal_uart_read	40	static
../App/Drivers/hal/hal_uart.c:62:6:hal_uart_flush	16	static
../App/Drivers/hal/hal_uart.c:68:6:hal_uart_set_event_cb	24	static
../App/Drivers/hal/hal_uart.c:77:6:hal_uart_set_rx_timeout_timer	32	static
../App/Drivers/hal/hal_uart.c:86:6:hal_uart_rx_enable	16	static
../App/Drivers/hal/hal_uart.c:92:6:hal_uart_rx_disable	16	static
../App/Drivers/hal/hal_uart.c:98:6:hal_uart_tx_it_enable	16	static
../App/Drivers/hal/hal_uart.c:104:6:hal_uart_tx_it_disable	16	static
