../App/Modules/modbus/modbus-master/port/mbm_port.c:20:13:rs485_init	16	static
../App/Modules/modbus/modbus-master/port/mbm_port.c:42:13:rs485_deinit	8	static
../App/Modules/modbus/modbus-master/port/mbm_port.c:62:13:rs485_dir_control	16	static
../App/Modules/modbus/modbus-master/port/mbm_port.c:95:13:uart_event_cb	24	static
../App/Modules/modbus/modbus-master/port/mbm_port.c:123:13:timer_cb	16	static
../App/Modules/modbus/modbus-master/port/mbm_port.c:136:13:port_uart_send	32	static
../App/Modules/modbus/modbus-master/port/mbm_port.c:144:17:port_crc16	16	static
../App/Modules/modbus/modbus-master/port/mbm_port.c:149:17:port_time_ms	8	static
../App/Modules/modbus/modbus-master/port/mbm_port.c:154:13:port_timer_start	8	static
../App/Modules/modbus/modbus-master/port/mbm_port.c:178:17:calculate_35char_timeout_ms	32	static
../App/Modules/modbus/modbus-master/port/mbm_port.c:204:14:mbm_port_open	104	static
../App/Modules/modbus/modbus-master/port/mbm_port.c:293:14:mbm_port_close	8	static
